
> showcase@0.0.1 build
> vite build

svelte.config.js is ignored when options are passed via your Vite config
The following Vite config options will be overridden by SvelteKit:
  - base
vite v8.1.0 building ssr environment for production...
[2Ktransforming...
src/routes/+layout.svelte
`export const prerender` will be ignored — move it to +layout(.server).js/ts instead. See https://svelte.dev/docs/kit/page-options for more information.
✓ 149 modules transformed.
rendering chunks...
svelte.config.js is ignored when options are passed via your Vite config
The following Vite config options will be overridden by SvelteKit:
  - base
svelte.config.js is ignored when options are passed via your Vite config
The following Vite config options will be overridden by SvelteKit:
  - base
vite v8.1.0 building client environment for production...
[2Ktransforming...✓ 158 modules transformed.
rendering chunks...
computing gzip size...
.svelte-kit/output/client/_app/version.json                        0.02 kB │ gzip:  0.04 kB
.svelte-kit/output/client/.vite/manifest.json                      2.47 kB │ gzip:  0.53 kB
.svelte-kit/output/client/_app/immutable/assets/2.Bhb_7oFJ.css     3.07 kB │ gzip:  0.68 kB
.svelte-kit/output/client/_app/immutable/chunks/xihTtKlq.js        0.06 kB │ gzip:  0.08 kB
.svelte-kit/output/client/_app/immutable/entry/start.CedOctpV.js   0.07 kB │ gzip:  0.08 kB
.svelte-kit/output/client/_app/immutable/nodes/1.BmvAcV8H.js       0.62 kB │ gzip:  0.35 kB
.svelte-kit/output/client/_app/immutable/chunks/DYl5dUZ5.js        1.27 kB │ gzip:  0.70 kB
.svelte-kit/output/client/_app/immutable/chunks/Bjy-W4x2.js        1.36 kB │ gzip:  0.65 kB
.svelte-kit/output/client/_app/immutable/nodes/0.DYP7nOyE.js       2.53 kB │ gzip:  1.07 kB
.svelte-kit/output/client/_app/immutable/entry/app.CUjRfeQM.js     2.79 kB │ gzip:  1.27 kB
.svelte-kit/output/client/_app/immutable/nodes/2.tppX1FOY.js      10.66 kB │ gzip:  3.83 kB
.svelte-kit/output/client/_app/immutable/chunks/BOCL5rMb.js       26.68 kB │ gzip: 10.32 kB
.svelte-kit/output/client/_app/immutable/chunks/DjG6j7Mj.js       39.07 kB │ gzip: 14.95 kB

✓ built in 87ms
svelte.config.js is ignored when options are passed via your Vite config
The following Vite config options will be overridden by SvelteKit:
  - base
computing gzip size...
.svelte-kit/output/server/.vite/manifest.json                         2.90 kB │ gzip:  0.54 kB
.svelte-kit/output/server/_app/immutable/assets/_page._dqUgldI.css    2.99 kB │ gzip:  0.68 kB
.svelte-kit/output/server/entries/pages/_layout.js                    0.13 kB │ gzip:  0.12 kB
.svelte-kit/output/server/env.js                                      0.22 kB │ gzip:  0.14 kB
.svelte-kit/output/server/chunks/env.js                               0.28 kB │ gzip:  0.17 kB
.svelte-kit/output/server/internal.js                                 0.40 kB │ gzip:  0.19 kB
.svelte-kit/output/server/chunks/internal2.js                         1.24 kB │ gzip:  0.51 kB
.svelte-kit/output/server/entries/pages/_layout.svelte.js             2.66 kB │ gzip:  1.09 kB
.svelte-kit/output/server/entries/fallbacks/error.svelte.js           5.12 kB │ gzip:  1.98 kB
.svelte-kit/output/server/chunks/shared.js                           10.57 kB │ gzip:  3.38 kB
.svelte-kit/output/server/entries/pages/_page.svelte.js              10.66 kB │ gzip:  3.83 kB
.svelte-kit/output/server/chunks/exports.js                          11.33 kB │ gzip:  3.53 kB
.svelte-kit/output/server/chunks/internal.js                         25.10 kB │ gzip:  7.73 kB
.svelte-kit/output/server/chunks/utils.js                            31.55 kB │ gzip:  9.26 kB
.svelte-kit/output/server/remote-entry.js                            54.35 kB │ gzip: 12.02 kB
.svelte-kit/output/server/index.js                                  123.55 kB │ gzip: 31.37 kB
.svelte-kit/output/server/chunks/server.js                          126.37 kB │ gzip: 32.82 kB

✓ built in 1.19s

Run npm run preview to preview your production build locally.

No adapter specified
See https://svelte.dev/docs/kit/adapters to learn how to configure your app to run on the platform of your choosing
